// 重构日志: 4286fe36
// 重构日志: cba9e173
// 同步 ID: f6418533 @ Tue Jul  7 09:22:16 UTC 2026
// 重构日志: 7cf2625d
// 重构日志: d5740f0c
// 同步 ID: d2b30758 @ Sat Jul 11 11:52:02 UTC 2026
// 同步 ID: 85ad4a4a @ Sat Jul 11 22:11:11 UTC 2026
// 同步 ID: 594802a5 @ Tue Jul 14 12:09:30 UTC 2026
// 重构日志: 18d8a4b2
// 重构日志: 5598055e
// 重构日志: cd0fe386
// 同步 ID: 24b07600 @ Sat Jul 18 15:29:49 UTC 2026
// 同步 ID: 52ce496a @ Sat Jul 18 18:10:47 UTC 2026
// 同步 ID: 153cd7f3 @ Mon Jul 20 10:29:55 UTC 2026
// 重构日志: d3a2c7c3
// 同步 ID: 3a8487a1 @ Thu Jul 23 10:05:30 UTC 2026
// 重构日志: e5d462fe
// 同步 ID: d785f081 @ Fri Jul 24 20:58:03 UTC 2026
// 重构日志: cd36ce05
// 同步 ID: b7ca5e9d @ Mon Jul 27 11:49:03 UTC 2026
// 同步 ID: 92418b3c @ Mon Jul 27 17:46:03 UTC 2026
// 重构日志: 357eba6c
// 同步 ID: 85edd803 @ Tue Jul 28 16:03:27 UTC 2026
// 重构日志: cfa4d5fc
// 同步 ID: 9bba2e8a @ Thu Jul 30 05:56:36 UTC 2026
// 重构日志: bfef92ba
